../App/systems/can_system.c:96:13:id_in_allow_list	24	static
../App/systems/can_system.c:118:13:can_apply_filters	64	static
../App/systems/can_system.c:182:13:tx_pending_clear	16	static
../App/systems/can_system.c:190:13:tx_pending_add	24	static
../App/systems/can_system.c:213:13:tx_any_pending	16	static
../App/systems/can_system.c:223:12:find_msg_index_by_id	24	static
../App/systems/can_system.c:235:12:find_msg_index_by_name	24	static
../App/systems/can_system.c:250:12:find_sig_index_by_full_name	24	static
../App/systems/can_system.c:265:13:build_full_name	40	static
../App/systems/can_system.c:306:13:trim_ws_inplace	32	static
../App/systems/can_system.c:347:13:parse_uint	24	static
../App/systems/can_system.c:360:13:parse_float	24	static
../App/systems/can_system.c:378:13:parse_mux_token	32	static
../App/systems/can_system.c:406:13:msg_add_mux_page	32	static
../App/systems/can_system.c:428:12:msg_find_page_index	24	static
../App/systems/can_system.c:439:13:dbc_parse_reset	16	static
../App/systems/can_system.c:470:13:dbc_finalize_event_params_and_links	112	static
../App/systems/can_system.c:534:13:dbc_parse_all	784	static
../App/systems/can_system.c:828:17:extract_bits_le	32	static
../App/systems/can_system.c:845:16:sign_extend	24	static
../App/systems/can_system.c:859:13:insert_bits_le	32	static
../App/systems/can_system.c:876:17:mask_to_length	16	static
../App/systems/can_system.c:889:13:set_event_nonmux	24	static
../App/systems/can_system.c:897:13:set_event_mux	112	static
../App/systems/can_system.c:911:13:handle_rx_frame	104	static
../App/systems/can_system.c:1029:13:process_rx_fifo0	48	static
../App/systems/can_system.c:1048:6:HAL_CAN_RxFifo0MsgPendingCallback	16	static
../App/systems/can_system.c:1059:13:encode_raw_from_param	40	static
../App/systems/can_system.c:1099:13:transmit_one	80	static
../App/systems/can_system.c:1163:13:transmit_pending_messages	40	static
../App/systems/can_system.c:1217:6:can_system_controller	8	static
../App/systems/can_system.c:1254:6:CanSystem_Send	104	static
../App/systems/can_system.c:1338:13:resolve_to_msg_and_mux	112	static
../App/systems/can_system.c:1393:6:CanSystem_DebugGetLastRxTick	24	static
../App/systems/can_system.c:1411:6:CanSystem_DebugGetLastTxTick	24	static
../App/systems/can_system.c:1433:6:CanSystem_SetBool	16	static
../App/systems/can_system.c:1444:6:CanSystem_SetInt32	16	static
../App/systems/can_system.c:1455:6:CanSystem_SetFloat	16	static
