../App/systems/servo_system.c:197:28:ServoSystem_OnSetZero	16	static
../App/systems/servo_system.c:198:28:ServoSystem_OnRequestVectors	16	static
../App/systems/servo_system.c:199:28:ServoSystem_OnStopMotor	16	static
../App/systems/servo_system.c:200:28:ServoSystem_OnShutdownMotor	16	static
../App/systems/servo_system.c:201:28:ServoSystem_OnClearErrors	16	static
../App/systems/servo_system.c:207:13:is_port_valid	16	static
../App/systems/servo_system.c:209:26:get_def	16	static
../App/systems/servo_system.c:215:14:clampf	24	static
../App/systems/servo_system.c:223:13:set_vcc	16	static
../App/systems/servo_system.c:230:13:tim_set_ccr	16	static
../App/systems/servo_system.c:242:13:set_pwm_us	16	static
../App/systems/servo_system.c:249:13:compute_pwm_us_for_position	32	static
../App/systems/servo_system.c:264:13:compute_position_from_pwm	32	static
../App/systems/servo_system.c:280:13:tim_enable_clock	32	static
../App/systems/servo_system.c:287:17:tim_get_clock_hz_apb1	24	static
../App/systems/servo_system.c:295:13:tim_init_1mhz_50hz	24	static
../App/systems/servo_system.c:311:13:tim_config_pwm_channel	16	static
../App/systems/servo_system.c:345:13:tim_start	16	static
../App/systems/servo_system.c:354:13:init_internal_once	56	static,ignoring_inline_asm
../App/systems/servo_system.c:467:13:stop_motor	16	static
../App/systems/servo_system.c:472:13:publish_vectors	32	static
../App/systems/servo_system.c:494:6:ServoSystem_SetServoModel	24	static
../App/systems/servo_system.c:526:9:ServoSystem_GetServoModel	16	static
../App/systems/servo_system.c:532:6:ServoSystem_SetPositionDeg	24	static
../App/systems/servo_system.c:557:6:ServoSystem_SetVelocityDegS	16	static
../App/systems/servo_system.c:565:6:ServoSystem_Controller	96	static
../App/systems/servo_system.c:629:6:servo_system_controller	8	static
