../App/Src/can_params.c:57:17:fnv1a_32	24	static
../App/Src/can_params.c:71:13:hash_reset	16	static
../App/Src/can_params.c:79:13:hash_insert	40	static
../App/Src/can_params.c:112:12:find_param_index_fast	40	static
../App/Src/can_params.c:140:12:find_param_index_linear	24	static
../App/Src/can_params.c:155:12:find_param_index	24	static
../App/Src/can_params.c:163:13:trim_name_inplace	32	static
../App/Src/can_params.c:193:13:name_has_internal_space	24	static
../App/Src/can_params.c:205:13:normalize_and_validate_name	24	static
../App/Src/can_params.c:236:17:enter_critical	16	static,ignoring_inline_asm
../App/Src/can_params.c:243:13:exit_critical	16	static,ignoring_inline_asm
../App/Src/can_params.c:255:6:CanParams__Reset	16	static
../App/Src/can_params.c:269:6:CanParams__Create	88	static
../App/Src/can_params.c:313:6:CanParams__LinkEvent	152	static
../App/Src/can_params.c:344:6:CanParams_GetBool	88	static
../App/Src/can_params.c:365:6:CanParams_IsValid	80	static
../App/Src/can_params.c:375:6:CanParams_GetInt32	88	static
../App/Src/can_params.c:396:6:CanParams_GetFloat	88	static
../App/Src/can_params.c:417:6:CanParams_SetBool	88	static
../App/Src/can_params.c:436:6:CanParams_SetInt32	88	static
../App/Src/can_params.c:455:6:CanParams_SetFloat	88	static
../App/Src/can_params.c:474:6:CanParams_GetEvent	96	static
../App/Src/can_params.c:501:6:CanParams_ProcEvent	104	static
../App/Src/can_params.c:535:6:CanParams_SetEvent	88	static
../App/Src/can_params.c:558:6:CanParams__UpdateBool	16	static
../App/Src/can_params.c:563:6:CanParams__UpdateInt32	16	static
../App/Src/can_params.c:568:6:CanParams__UpdateFloat	16	static
../App/Src/can_params.c:573:6:CanParams__UpdateEvent	16	static
